// Jest Snapshot v1, https://goo.gl/fbAQLP

exports[`public api 1`] = `
Array [
  "ANY_TYPE",
  "CORE_TYPES",
  "ENUM_TYPE",
  "INDEFINITE_ARRAY_OF_TYPE",
  "INDEFINITE_OBJECT_OF_TYPE",
  "OBJECT_TYPE",
  "ONE_OF_TYPES",
  "SINGLE_TYPE",
  "TUPLE_TYPE",
  "anyType",
  "castTypeSpec",
  "enumType",
  "getType",
  "indefiniteArrayOfType",
  "indefiniteObjectOfType",
  "isType",
  "objectType",
  "oneOfTypes",
  "singleType",
  "stringifyTypeSpec",
  "tupleType",
  "typing",
  "validateType",
]
`;
